
running 0 tests

test result: ok. 0 passed; 0 failed; 0 ignored; 0 measured; 0 filtered out; finished 


running 3 tests
...
test result: ok. 3 passed; 0 failed; 0 ignored; 0 measured; 0 filtered out; finished 

Building dependencies ... ok
Building aux file tests/actual_tests/auxiliary/derive_proc_macro.rs ... ok
Building aux file tests/actual_tests/auxiliary/the_proc_macro.rs ... ok
tests/actual_tests/aux_derive.rs ... ok
tests/actual_tests/aux_proc_macro.rs ... ok
tests/actual_tests/error_above.rs ... ok
tests/actual_tests/executable.rs ... ok
tests/actual_tests/foomp-rustfix.rs ... ok
tests/actual_tests/foomp.rs ... ok
tests/actual_tests/match_diagnostic_code.rs ... ok
tests/actual_tests/no_rustfix.rs ... ok
tests/actual_tests/stdin.rs ... ok
tests/actual_tests/unicode.rs ... ok
tests/actual_tests/windows_paths.rs ... ok
tests/actual_tests/subdir/aux_proc_macro.rs ... ok

test result: ok. 12 passed;


running 0 tests

test result: ok. 0 passed; 0 failed; 0 ignored; 0 measured; 0 filtered out; finished 

