
running 0 tests

test result: ok. 0 passed; 0 failed; 0 ignored; 0 measured; 0 filtered out; finished 

Building dependencies ... ok
tests/actual_tests/empty_no_stdin.rs ... ok
tests/actual_tests/matching_stdin.rs ... ok
tests/actual_tests/mismatching_stdin.rs ... ok
tests/actual_tests/no_stdin.rs ... ok

test result: ok. 4 passed;

